### firewall-holes.txt
ds-lite-a-dslite-ipip from=self to=wan ifnames=ens18 proto=ipip port=0 action=accept direction= comment=net.routerd.net/v1alpha1/DSLiteTunnel/ds-lite-a
ds-lite-b-dslite-ipip from=self to=wan ifnames=ens18 proto=ipip port=0 action=accept direction= comment=net.routerd.net/v1alpha1/DSLiteTunnel/ds-lite-b
ds-lite-c-dslite-ipip from=self to=wan ifnames=ens18 proto=ipip port=0 action=accept direction= comment=net.routerd.net/v1alpha1/DSLiteTunnel/ds-lite-c
ds-lite-ra-dslite-ipip from=self to=wan ifnames=ens18 proto=ipip port=0 action=accept direction= comment=net.routerd.net/v1alpha1/DSLiteTunnel/ds-lite-ra
home-router-tailscale from=wan to=self ifnames=ens18 proto=udp port=41641 action=accept direction= comment=net.routerd.net/v1alpha1/TailscaleNode/home-router
lan-dhcpv4-dhcpv4-server-lan from=lan to=self ifnames=ens19 proto=udp port=67 action=accept direction= comment=net.routerd.net/v1alpha1/DHCPv4Server/lan-dhcpv4
lan-dhcpv6-dhcpv6-server-lan from=lan to=self ifnames=ens19 proto=udp port=547 action=accept direction= comment=net.routerd.net/v1alpha1/DHCPv6Server/lan-dhcpv6
lan-ra-ra from=self to=lan ifnames=ens19 proto=icmpv6 port=0 action=accept direction= comment=net.routerd.net/v1alpha1/IPv6RouterAdvertisement/lan-ra
wan-info-dhcpv6-info from=wan to=self ifnames=ens18 proto=udp port=546 action=accept direction= comment=net.routerd.net/v1alpha1/DHCPv6Information/wan-info
wan-pd-dhcpv6-client from=wan to=self ifnames=ens18 proto=udp port=546 action=accept direction= comment=net.routerd.net/v1alpha1/DHCPv6PrefixDelegation/wan-pd
wg-mesh-wireguard from=wan to=self ifnames=ens18 proto=udp port=51821 action=accept direction= comment=net.routerd.net/v1alpha1/WireGuardInterface/wg-mesh
### routerd-generated.nix
# Generated by routerd. Do not edit by hand.
{ config, lib, pkgs, ... }:

{
  networking.useDHCP = false;
  networking.useNetworkd = true;
  networking.firewall.checkReversePath = false;
  networking.nftables.enable = true;
  systemd.network.enable = true;
  systemd.network.networks."10-netplan-ds-lite-a" = {
    matchConfig.Name = "ds-lite-a";
    address = [
      "192.0.0.2/29"
    ];
  };
  systemd.network.networks."10-netplan-ds-lite-b" = {
    matchConfig.Name = "ds-lite-b";
    address = [
      "192.0.0.3/29"
    ];
  };
  systemd.network.networks."10-netplan-ds-lite-c" = {
    matchConfig.Name = "ds-lite-c";
    address = [
      "192.0.0.4/29"
    ];
  };
  systemd.network.networks."10-netplan-ds-lite-ra" = {
    matchConfig.Name = "ds-lite-ra";
    address = [
      "192.0.0.5/29"
    ];
  };
  systemd.network.networks."10-netplan-ens18" = {
    matchConfig.Name = "ens18";
    networkConfig = {
      DHCP = "no";
    };
    address = [
      "192.168.1.249/24"
    ];
  };
  systemd.network.networks."10-netplan-ens19" = {
    matchConfig.Name = "ens19";
    networkConfig = {
      DHCP = "no";
      IPv6AcceptRA = false;
    };
    address = [
      "172.18.0.1/16"
      "172.17.0.2/16"
    ];
  };
  systemd.network.networks."10-netplan-ens20" = {
    matchConfig.Name = "ens20";
    networkConfig = {
      LinkLocalAddressing = "no";
    };
    linkConfig.RequiredForOnline = "no";
  };
  systemd.network.networks."10-netplan-lo" = {
    matchConfig.Name = "lo";
    networkConfig = {
      LinkLocalAddressing = "no";
    };
    linkConfig.RequiredForOnline = "no";
  };
  systemd.network.networks."10-netplan-tailscale0" = {
    matchConfig.Name = "tailscale0";
    networkConfig = {
      LinkLocalAddressing = "no";
    };
    linkConfig.RequiredForOnline = "no";
  };
  services.timesyncd.enable = false;
  services.chrony.enable = true;
  services.chrony.servers = [ "ntp.jst.mfeed.ad.jp" "ntp.nict.jp" ];
  services.chrony.extraConfig = ''
    allow 172.18.0.0/16
    allow 2001:db8:1271::/64
    cmdallow 127.0.0.1
    cmdallow ::1
  '';
  services.resolved.enable = true;
  services.resolved.extraConfig = ''
    DNSStubListener=no
  '';
  services.tailscale.enable = true;
  boot.kernel.sysctl = {
    "net.core.netdev_max_backlog" = 5000;
    "net.core.rmem_max" = 16777216;
    "net.core.somaxconn" = 4096;
    "net.core.wmem_max" = 16777216;
    "net.ipv4.conf.all.forwarding" = 1;
    "net.ipv4.conf.all.rp_filter" = 0;
    "net.ipv4.conf.all.src_valid_mark" = 1;
    "net.ipv4.conf.default.rp_filter" = 0;
    "net.ipv4.ip_forward" = 1;
    "net.ipv4.ip_local_port_range" = "1024 65535";
    "net.ipv4.tcp_fin_timeout" = 30;
    "net.ipv4.tcp_mtu_probing" = 1;
    "net.ipv4.tcp_rmem" = "4096 87380 16777216";
    "net.ipv4.tcp_tw_reuse" = 1;
    "net.ipv4.tcp_wmem" = "4096 65536 16777216";
    "net.ipv6.conf.all.forwarding" = 1;
    "net.ipv6.conf.default.forwarding" = 1;
    "net.ipv6.conf.ens18.accept_ra" = 2;
    "net.ipv6.conf.ens19.accept_ra" = 2;
    "net.ipv6.route.max_size" = 16384;
  };
  environment.systemPackages = with pkgs; [
    bind
    chrony
    conntrack-tools
    dnsmasq
    iproute2
    iputils
    jq
    kmod
    libnetfilter_log
    ndpi
    nettools
    nftables
    ppp
    procps
    strongswan
    systemd
    tailscale
    tcpdump
    traceroute
    wireguard-tools
  ];
  systemd.services."routerd-dhcpv6-client@wan-pd" = {
    description = "routerd DHCPv6 client wan-pd";
    after = [ "network-online.target" ];
    wants = [ "network-online.target" ];
    wantedBy = [ "multi-user.target" ];
    path = with pkgs; [
      iproute2
    ];
    serviceConfig = {
      Type = "simple";
      ExecStart = lib.concatStringsSep " " [
        "/usr/local/sbin/routerd-dhcpv6-client"
        "--resource"
        "wan-pd"
        "--interface"
        "ens18"
        "--socket"
        "/run/routerd/dhcpv6-client/wan-pd.sock"
        "--lease-file"
        "/var/lib/routerd/dhcpv6-client/wan-pd/lease.json"
        "--event-file"
        "/var/lib/routerd/dhcpv6-client/wan-pd/events.jsonl"
      ];
      Restart = "always";
      RestartSec = "5s";
      User = "root";
      RuntimeDirectory = "routerd/dhcpv6-client";
      StateDirectory = "routerd/dhcpv6-client";
      NoNewPrivileges = true;
      PrivateTmp = true;
      ProtectHome = true;
      ProtectSystem = "strict";
      ReadWritePaths = [
        "/run/routerd"
        "/var/lib/routerd"
      ];
      RestrictAddressFamilies = [
        "AF_UNIX"
        "AF_INET"
        "AF_INET6"
        "AF_NETLINK"
      ];
      CapabilityBoundingSet = [
        "CAP_NET_RAW"
        "CAP_NET_ADMIN"
        "CAP_NET_BIND_SERVICE"
      ];
      AmbientCapabilities = [
        "CAP_NET_RAW"
        "CAP_NET_ADMIN"
        "CAP_NET_BIND_SERVICE"
      ];
    };
  };
  systemd.services."routerd-dnsmasq" = {
    description = "routerd managed dnsmasq DHCP service";
    wantedBy = [ "multi-user.target" ];
    after = [ "network-online.target" "routerd.service" ];
    wants = [ "network-online.target" ];
    path = with pkgs; [
      dnsmasq
    ];
    serviceConfig = {
      ExecStart = lib.concatStringsSep " " [
        "/run/current-system/sw/bin/dnsmasq"
        "--keep-in-foreground"
        "--user=root"
        "--group=root"
        "--conf-file=/usr/local/etc/routerd/dnsmasq.conf"
        "--pid-file=/run/routerd/dnsmasq.pid"
      ];
      Restart = "on-failure";
      RestartSec = "2s";
      RuntimeDirectory = [ "routerd" ];
      RuntimeDirectoryPreserve = "yes";
      StateDirectory = [ "routerd" ];
      ReadWritePaths = [ "/run/routerd" "/var/lib/routerd" "/usr/local/etc/routerd" ];
      AmbientCapabilities = [ "CAP_NET_BIND_SERVICE" "CAP_NET_RAW" "CAP_NET_ADMIN" "CAP_SETUID" "CAP_SETGID" "CAP_CHOWN" ];
      CapabilityBoundingSet = [ "CAP_NET_BIND_SERVICE" "CAP_NET_RAW" "CAP_NET_ADMIN" "CAP_SETUID" "CAP_SETGID" "CAP_CHOWN" ];
      RestrictAddressFamilies = [ "AF_UNIX" "AF_INET" "AF_INET6" "AF_NETLINK" ];
      ProtectSystem = "strict";
      ProtectHome = "true";
      NoNewPrivileges = true;
      PrivateTmp = true;
    };
  };
  systemd.services."routerd-dpi-classifier" = {
    description = "routerd DPI classifier";
    wantedBy = [ "multi-user.target" ];
    after = [ "network-online.target" ];
    serviceConfig = {
      ExecStart = lib.concatStringsSep " " [
        "/usr/local/sbin/routerd-dpi-classifier"
        "daemon"
        "--socket"
        "/run/routerd/dpi-classifier/default.sock"
        "--ndpi-reader"
        "ndpiReader"
      ];
      Restart = "on-failure";
      Environment = [ "OTEL_EXPORTER_OTLP_ENDPOINT=http://192.0.2.119:4317" "OTEL_EXPORTER_OTLP_INSECURE=true" "OTEL_RESOURCE_ATTRIBUTES=deployment.environment=production,routerd.node=home-router" "OTEL_SERVICE_NAMESPACE=routerd" ];
      RuntimeDirectory = [ "routerd/dpi-classifier" ];
      RestrictAddressFamilies = [ "AF_UNIX" ];
      NoNewPrivileges = true;
    };
  };
  systemd.services."routerd-firewall-logger" = {
    description = "routerd firewall NFLOG writer";
    wantedBy = [ "multi-user.target" ];
    after = [ "network-online.target" "routerd-dpi-classifier.service" ];
    wants = [ "routerd-dpi-classifier.service" ];
    serviceConfig = {
      ExecStart = lib.concatStringsSep " " [
        "/usr/local/sbin/routerd-firewall-logger"
        "daemon"
        "--path"
        "/var/lib/routerd/firewall-logs.db"
        "--nflog-group"
        "1"
        "--dpi-socket"
        "/run/routerd/dpi-classifier/default.sock"
      ];
      Restart = "on-failure";
      Environment = [ "OTEL_EXPORTER_OTLP_ENDPOINT=http://192.0.2.119:4317" "OTEL_EXPORTER_OTLP_INSECURE=true" "OTEL_RESOURCE_ATTRIBUTES=deployment.environment=production,routerd.node=home-router" "OTEL_SERVICE_NAMESPACE=routerd" ];
      StateDirectory = [ "routerd" ];
      ReadWritePaths = [ "/var/lib/routerd" ];
      AmbientCapabilities = [ "CAP_NET_ADMIN" "CAP_NET_RAW" ];
      CapabilityBoundingSet = [ "CAP_NET_ADMIN" "CAP_NET_RAW" ];
      RestrictAddressFamilies = [ "AF_UNIX" "AF_NETLINK" "AF_INET" "AF_INET6" ];
      NoNewPrivileges = true;
    };
  };
  systemd.services."routerd-healthcheck@internet-icmp" = {
    description = "routerd healthcheck internet-icmp";
    wantedBy = [ "multi-user.target" ];
    after = [ "network-online.target" ];
    wants = [ "network-online.target" ];
    serviceConfig = {
      ExecStart = lib.concatStringsSep " " [
        "/usr/local/sbin/routerd-healthcheck"
        "daemon"
        "--resource"
        "internet-icmp"
        "--target"
        "1.1.1.1"
        "--protocol"
        "icmp"
        "--interval"
        "30s"
        "--timeout"
        "3s"
        "--healthy-threshold"
        "1"
        "--unhealthy-threshold"
        "3"
        "--socket"
        "/run/routerd/healthcheck/internet-icmp.sock"
        "--state-file"
        "/var/lib/routerd/healthcheck/internet-icmp/state.json"
        "--event-file"
        "/var/log/routerd/healthcheck/internet-icmp/events.jsonl"
      ];
      Restart = "always";
      RestartSec = "5s";
      Environment = [ "OTEL_EXPORTER_OTLP_ENDPOINT=http://192.0.2.119:4317" "OTEL_EXPORTER_OTLP_INSECURE=true" "OTEL_RESOURCE_ATTRIBUTES=deployment.environment=production,routerd.node=home-router" "OTEL_SERVICE_NAMESPACE=routerd" ];
      RuntimeDirectory = [ "routerd/healthcheck" ];
      RuntimeDirectoryPreserve = "yes";
      StateDirectory = [ "routerd/healthcheck" ];
      LogsDirectory = [ "routerd" ];
      ReadWritePaths = [ "/run/routerd" "/var/lib/routerd" "/var/log/routerd" ];
      AmbientCapabilities = [ "CAP_NET_RAW" ];
      CapabilityBoundingSet = [ "CAP_NET_RAW" ];
      RestrictAddressFamilies = [ "AF_UNIX" "AF_INET" "AF_INET6" ];
      ProtectSystem = "strict";
      ProtectHome = "yes";
      NoNewPrivileges = true;
      PrivateTmp = true;
    };
  };
  systemd.services."routerd-healthcheck@internet-via-dslite-a" = {
    description = "routerd healthcheck internet-via-dslite-a";
    wantedBy = [ "multi-user.target" ];
    after = [ "network-online.target" ];
    wants = [ "network-online.target" ];
    serviceConfig = {
      ExecStart = lib.concatStringsSep " " [
        "/usr/local/sbin/routerd-healthcheck"
        "daemon"
        "--resource"
        "internet-via-dslite-a"
        "--target"
        "1.1.1.1"
        "--protocol"
        "tcp"
        "--source-interface"
        "ds-lite-a"
        "--source-address"
        "192.0.0.2"
        "--port"
        "443"
        "--interval"
        "30s"
        "--timeout"
        "3s"
        "--healthy-threshold"
        "1"
        "--unhealthy-threshold"
        "3"
        "--socket"
        "/run/routerd/healthcheck/internet-via-dslite-a.sock"
        "--state-file"
        "/var/lib/routerd/healthcheck/internet-via-dslite-a/state.json"
        "--event-file"
        "/var/log/routerd/healthcheck/internet-via-dslite-a/events.jsonl"
      ];
      Restart = "always";
      RestartSec = "5s";
      Environment = [ "OTEL_EXPORTER_OTLP_ENDPOINT=http://192.0.2.119:4317" "OTEL_EXPORTER_OTLP_INSECURE=true" "OTEL_RESOURCE_ATTRIBUTES=deployment.environment=production,routerd.node=home-router" "OTEL_SERVICE_NAMESPACE=routerd" ];
      RuntimeDirectory = [ "routerd/healthcheck" ];
      RuntimeDirectoryPreserve = "yes";
      StateDirectory = [ "routerd/healthcheck" ];
      LogsDirectory = [ "routerd" ];
      ReadWritePaths = [ "/run/routerd" "/var/lib/routerd" "/var/log/routerd" ];
      AmbientCapabilities = [ "CAP_NET_RAW" ];
      CapabilityBoundingSet = [ "CAP_NET_RAW" ];
      RestrictAddressFamilies = [ "AF_UNIX" "AF_INET" "AF_INET6" ];
      ProtectSystem = "strict";
      ProtectHome = "yes";
      NoNewPrivileges = true;
      PrivateTmp = true;
    };
  };
  systemd.services."routerd-healthcheck@internet-via-dslite-b" = {
    description = "routerd healthcheck internet-via-dslite-b";
    wantedBy = [ "multi-user.target" ];
    after = [ "network-online.target" ];
    wants = [ "network-online.target" ];
    serviceConfig = {
      ExecStart = lib.concatStringsSep " " [
        "/usr/local/sbin/routerd-healthcheck"
        "daemon"
        "--resource"
        "internet-via-dslite-b"
        "--target"
        "1.1.1.1"
        "--protocol"
        "tcp"
        "--source-interface"
        "ds-lite-b"
        "--source-address"
        "192.0.0.3"
        "--port"
        "443"
        "--interval"
        "30s"
        "--timeout"
        "3s"
        "--healthy-threshold"
        "1"
        "--unhealthy-threshold"
        "3"
        "--socket"
        "/run/routerd/healthcheck/internet-via-dslite-b.sock"
        "--state-file"
        "/var/lib/routerd/healthcheck/internet-via-dslite-b/state.json"
        "--event-file"
        "/var/log/routerd/healthcheck/internet-via-dslite-b/events.jsonl"
      ];
      Restart = "always";
      RestartSec = "5s";
      Environment = [ "OTEL_EXPORTER_OTLP_ENDPOINT=http://192.0.2.119:4317" "OTEL_EXPORTER_OTLP_INSECURE=true" "OTEL_RESOURCE_ATTRIBUTES=deployment.environment=production,routerd.node=home-router" "OTEL_SERVICE_NAMESPACE=routerd" ];
      RuntimeDirectory = [ "routerd/healthcheck" ];
      RuntimeDirectoryPreserve = "yes";
      StateDirectory = [ "routerd/healthcheck" ];
      LogsDirectory = [ "routerd" ];
      ReadWritePaths = [ "/run/routerd" "/var/lib/routerd" "/var/log/routerd" ];
      AmbientCapabilities = [ "CAP_NET_RAW" ];
      CapabilityBoundingSet = [ "CAP_NET_RAW" ];
      RestrictAddressFamilies = [ "AF_UNIX" "AF_INET" "AF_INET6" ];
      ProtectSystem = "strict";
      ProtectHome = "yes";
      NoNewPrivileges = true;
      PrivateTmp = true;
    };
  };
  systemd.services."routerd-healthcheck@internet-via-dslite-c" = {
    description = "routerd healthcheck internet-via-dslite-c";
    wantedBy = [ "multi-user.target" ];
    after = [ "network-online.target" ];
    wants = [ "network-online.target" ];
    serviceConfig = {
      ExecStart = lib.concatStringsSep " " [
        "/usr/local/sbin/routerd-healthcheck"
        "daemon"
        "--resource"
        "internet-via-dslite-c"
        "--target"
        "1.1.1.1"
        "--protocol"
        "tcp"
        "--source-interface"
        "ds-lite-c"
        "--source-address"
        "192.0.0.4"
        "--port"
        "443"
        "--interval"
        "30s"
        "--timeout"
        "3s"
        "--healthy-threshold"
        "1"
        "--unhealthy-threshold"
        "3"
        "--socket"
        "/run/routerd/healthcheck/internet-via-dslite-c.sock"
        "--state-file"
        "/var/lib/routerd/healthcheck/internet-via-dslite-c/state.json"
        "--event-file"
        "/var/log/routerd/healthcheck/internet-via-dslite-c/events.jsonl"
      ];
      Restart = "always";
      RestartSec = "5s";
      Environment = [ "OTEL_EXPORTER_OTLP_ENDPOINT=http://192.0.2.119:4317" "OTEL_EXPORTER_OTLP_INSECURE=true" "OTEL_RESOURCE_ATTRIBUTES=deployment.environment=production,routerd.node=home-router" "OTEL_SERVICE_NAMESPACE=routerd" ];
      RuntimeDirectory = [ "routerd/healthcheck" ];
      RuntimeDirectoryPreserve = "yes";
      StateDirectory = [ "routerd/healthcheck" ];
      LogsDirectory = [ "routerd" ];
      ReadWritePaths = [ "/run/routerd" "/var/lib/routerd" "/var/log/routerd" ];
      AmbientCapabilities = [ "CAP_NET_RAW" ];
      CapabilityBoundingSet = [ "CAP_NET_RAW" ];
      RestrictAddressFamilies = [ "AF_UNIX" "AF_INET" "AF_INET6" ];
      ProtectSystem = "strict";
      ProtectHome = "yes";
      NoNewPrivileges = true;
      PrivateTmp = true;
    };
  };
  systemd.services."routerd-healthcheck@internet-via-dslite-ra" = {
    description = "routerd healthcheck internet-via-dslite-ra";
    wantedBy = [ "multi-user.target" ];
    after = [ "network-online.target" ];
    wants = [ "network-online.target" ];
    serviceConfig = {
      ExecStart = lib.concatStringsSep " " [
        "/usr/local/sbin/routerd-healthcheck"
        "daemon"
        "--resource"
        "internet-via-dslite-ra"
        "--target"
        "149.112.112.112"
        "--protocol"
        "tcp"
        "--source-interface"
        "ds-lite-ra"
        "--source-address"
        "192.0.0.5"
        "--port"
        "443"
        "--interval"
        "30s"
        "--timeout"
        "3s"
        "--healthy-threshold"
        "1"
        "--unhealthy-threshold"
        "3"
        "--socket"
        "/run/routerd/healthcheck/internet-via-dslite-ra.sock"
        "--state-file"
        "/var/lib/routerd/healthcheck/internet-via-dslite-ra/state.json"
        "--event-file"
        "/var/log/routerd/healthcheck/internet-via-dslite-ra/events.jsonl"
      ];
      Restart = "always";
      RestartSec = "5s";
      Environment = [ "OTEL_EXPORTER_OTLP_ENDPOINT=http://192.0.2.119:4317" "OTEL_EXPORTER_OTLP_INSECURE=true" "OTEL_RESOURCE_ATTRIBUTES=deployment.environment=production,routerd.node=home-router" "OTEL_SERVICE_NAMESPACE=routerd" ];
      RuntimeDirectory = [ "routerd/healthcheck" ];
      RuntimeDirectoryPreserve = "yes";
      StateDirectory = [ "routerd/healthcheck" ];
      LogsDirectory = [ "routerd" ];
      ReadWritePaths = [ "/run/routerd" "/var/lib/routerd" "/var/log/routerd" ];
      AmbientCapabilities = [ "CAP_NET_RAW" ];
      CapabilityBoundingSet = [ "CAP_NET_RAW" ];
      RestrictAddressFamilies = [ "AF_UNIX" "AF_INET" "AF_INET6" ];
      ProtectSystem = "strict";
      ProtectHome = "yes";
      NoNewPrivileges = true;
      PrivateTmp = true;
    };
  };
  systemd.services."routerd-healthcheck@internet-via-hgw-direct" = {
    description = "routerd healthcheck internet-via-hgw-direct";
    wantedBy = [ "multi-user.target" ];
    after = [ "network-online.target" ];
    wants = [ "network-online.target" ];
    serviceConfig = {
      ExecStart = lib.concatStringsSep " " [
        "/usr/local/sbin/routerd-healthcheck"
        "daemon"
        "--resource"
        "internet-via-hgw-direct"
        "--target"
        "94.140.14.14"
        "--protocol"
        "tcp"
        "--source-interface"
        "ens18"
        "--source-address"
        "192.168.1.249"
        "--port"
        "443"
        "--interval"
        "30s"
        "--timeout"
        "3s"
        "--healthy-threshold"
        "1"
        "--unhealthy-threshold"
        "3"
        "--socket"
        "/run/routerd/healthcheck/internet-via-hgw-direct.sock"
        "--state-file"
        "/var/lib/routerd/healthcheck/internet-via-hgw-direct/state.json"
        "--event-file"
        "/var/log/routerd/healthcheck/internet-via-hgw-direct/events.jsonl"
      ];
      Restart = "always";
      RestartSec = "5s";
      Environment = [ "OTEL_EXPORTER_OTLP_ENDPOINT=http://192.0.2.119:4317" "OTEL_EXPORTER_OTLP_INSECURE=true" "OTEL_RESOURCE_ATTRIBUTES=deployment.environment=production,routerd.node=home-router" "OTEL_SERVICE_NAMESPACE=routerd" ];
      RuntimeDirectory = [ "routerd/healthcheck" ];
      RuntimeDirectoryPreserve = "yes";
      StateDirectory = [ "routerd/healthcheck" ];
      LogsDirectory = [ "routerd" ];
      ReadWritePaths = [ "/run/routerd" "/var/lib/routerd" "/var/log/routerd" ];
      AmbientCapabilities = [ "CAP_NET_RAW" ];
      CapabilityBoundingSet = [ "CAP_NET_RAW" ];
      RestrictAddressFamilies = [ "AF_UNIX" "AF_INET" "AF_INET6" ];
      ProtectSystem = "strict";
      ProtectHome = "yes";
      NoNewPrivileges = true;
      PrivateTmp = true;
    };
  };
  systemd.services."routerd-healthcheck@internet-via-ix2215" = {
    description = "routerd healthcheck internet-via-ix2215";
    wantedBy = [ "multi-user.target" ];
    after = [ "network-online.target" ];
    wants = [ "network-online.target" ];
    serviceConfig = {
      ExecStart = lib.concatStringsSep " " [
        "/usr/local/sbin/routerd-healthcheck"
        "daemon"
        "--resource"
        "internet-via-ix2215"
        "--target"
        "1.0.0.1"
        "--protocol"
        "tcp"
        "--source-interface"
        "ens19"
        "--source-address"
        "172.17.0.2"
        "--port"
        "443"
        "--interval"
        "30s"
        "--timeout"
        "3s"
        "--healthy-threshold"
        "1"
        "--unhealthy-threshold"
        "3"
        "--socket"
        "/run/routerd/healthcheck/internet-via-ix2215.sock"
        "--state-file"
        "/var/lib/routerd/healthcheck/internet-via-ix2215/state.json"
        "--event-file"
        "/var/log/routerd/healthcheck/internet-via-ix2215/events.jsonl"
      ];
      Restart = "always";
      RestartSec = "5s";
      Environment = [ "OTEL_EXPORTER_OTLP_ENDPOINT=http://192.0.2.119:4317" "OTEL_EXPORTER_OTLP_INSECURE=true" "OTEL_RESOURCE_ATTRIBUTES=deployment.environment=production,routerd.node=home-router" "OTEL_SERVICE_NAMESPACE=routerd" ];
      RuntimeDirectory = [ "routerd/healthcheck" ];
      RuntimeDirectoryPreserve = "yes";
      StateDirectory = [ "routerd/healthcheck" ];
      LogsDirectory = [ "routerd" ];
      ReadWritePaths = [ "/run/routerd" "/var/lib/routerd" "/var/log/routerd" ];
      AmbientCapabilities = [ "CAP_NET_RAW" ];
      CapabilityBoundingSet = [ "CAP_NET_RAW" ];
      RestrictAddressFamilies = [ "AF_UNIX" "AF_INET" "AF_INET6" ];
      ProtectSystem = "strict";
      ProtectHome = "yes";
      NoNewPrivileges = true;
      PrivateTmp = true;
    };
  };
  systemd.services."routerd-healthcheck@internet-via-pppoe" = {
    description = "routerd healthcheck internet-via-pppoe";
    wantedBy = [ "multi-user.target" ];
    after = [ "network-online.target" ];
    wants = [ "network-online.target" ];
    serviceConfig = {
      ExecStart = lib.concatStringsSep " " [
        "/usr/local/sbin/routerd-healthcheck"
        "daemon"
        "--resource"
        "internet-via-pppoe"
        "--target"
        "208.67.222.222"
        "--protocol"
        "tcp"
        "--source-interface"
        "pppoe-flets"
        "--port"
        "443"
        "--interval"
        "30s"
        "--timeout"
        "3s"
        "--healthy-threshold"
        "1"
        "--unhealthy-threshold"
        "3"
        "--socket"
        "/run/routerd/healthcheck/internet-via-pppoe.sock"
        "--state-file"
        "/var/lib/routerd/healthcheck/internet-via-pppoe/state.json"
        "--event-file"
        "/var/log/routerd/healthcheck/internet-via-pppoe/events.jsonl"
      ];
      Restart = "always";
      RestartSec = "5s";
      Environment = [ "OTEL_EXPORTER_OTLP_ENDPOINT=http://192.0.2.119:4317" "OTEL_EXPORTER_OTLP_INSECURE=true" "OTEL_RESOURCE_ATTRIBUTES=deployment.environment=production,routerd.node=home-router" "OTEL_SERVICE_NAMESPACE=routerd" ];
      RuntimeDirectory = [ "routerd/healthcheck" ];
      RuntimeDirectoryPreserve = "yes";
      StateDirectory = [ "routerd/healthcheck" ];
      LogsDirectory = [ "routerd" ];
      ReadWritePaths = [ "/run/routerd" "/var/lib/routerd" "/var/log/routerd" ];
      AmbientCapabilities = [ "CAP_NET_RAW" ];
      CapabilityBoundingSet = [ "CAP_NET_RAW" ];
      RestrictAddressFamilies = [ "AF_UNIX" "AF_INET" "AF_INET6" ];
      ProtectSystem = "strict";
      ProtectHome = "yes";
      NoNewPrivileges = true;
      PrivateTmp = true;
    };
  };
  systemd.services."routerd-tailscale-home-router" = {
    description = "routerd Tailscale node home-router";
    wantedBy = [ "multi-user.target" ];
    after = [ "network-online.target" "tailscaled.service" ];
    wants = [ "network-online.target" "tailscaled.service" ];
    path = with pkgs; [
      tailscale
    ];
    serviceConfig = {
      ExecStart = lib.concatStringsSep " " [
        "tailscale"
        "up"
        "--hostname=home-router"
        "--advertise-exit-node"
        "--advertise-routes=10.0.0.0/8,172.16.0.0/12,192.168.0.0/16"
        "--accept-routes=false"
        "--accept-dns=false"
      ];
      Restart = "no";
      Type = "oneshot";
      RuntimeDirectory = [ "routerd" ];
      RuntimeDirectoryPreserve = "yes";
      AmbientCapabilities = [ "CAP_NET_ADMIN" "CAP_NET_RAW" ];
      CapabilityBoundingSet = [ "CAP_NET_ADMIN" "CAP_NET_RAW" ];
      RestrictAddressFamilies = [ "AF_UNIX" "AF_INET" "AF_INET6" "AF_NETLINK" ];
      ProtectSystem = "no";
      ProtectHome = "true";
      NoNewPrivileges = true;
      PrivateTmp = true;
      RemainAfterExit = true;
    };
  };
  systemd.services."routerd" = {
    description = "routerd controller chain for home-router";
    serviceConfig = {
      ExecStart = lib.concatStringsSep " " [
        "/usr/local/sbin/routerd"
        "serve"
        "--config"
        "/usr/local/etc/routerd/router.yaml"
        "--socket"
        "/run/routerd/routerd.sock"
        "--status-file"
        "/run/routerd/status.json"
        "--observe-interval"
        "0"
        "--controller-chain"
        "--controller-chain-daemon-sockets"
        "wan-pd=/run/routerd/dhcpv6-client/wan-pd.sock"
        "--controller-chain-dry-run-address=false"
        "--controller-chain-dry-run-dslite=false"
        "--controller-chain-dry-run-route=false"
        "--controller-chain-dry-run-dhcpv6=false"
        "--controller-chain-dry-run-dhcpv4lease=false"
        "--controller-chain-dry-run-pppoesession=false"
        "--controller-chain-dry-run-dns-resolver=false"
        "--controller-chain-dry-run-nat=false"
        "--controller-chain-dry-run-firewall=false"
        "--controller-chain-dry-run-package=false"
        "--controller-chain-dry-run-network-adoption=false"
        "--controller-chain-dry-run-systemd-unit=false"
        "--controller-chain-supervise-client-daemons=true"
        "--controller-chain-dnsmasq-command"
        "/usr/sbin/dnsmasq"
        "--controller-chain-dnsmasq-config"
        "/run/routerd/dnsmasq.conf"
        "--controller-chain-dnsmasq-pid"
        "/run/routerd/dnsmasq.pid"
        "--controller-chain-dnsmasq-port"
        "53"
        "--controller-chain-dnsmasq-listen-addresses"
        "127.0.0.1"
        "--controller-chain-nftables-file"
        "/run/routerd/nat44.nft"
        "--controller-chain-firewall-file"
        "/run/routerd/firewall.nft"
        "--controller-chain-conntrack-interval"
        "30s"
      ];
      Environment = [ "OTEL_EXPORTER_OTLP_ENDPOINT=http://192.0.2.119:4317" "OTEL_EXPORTER_OTLP_INSECURE=true" "OTEL_RESOURCE_ATTRIBUTES=deployment.environment=production,routerd.node=home-router" "OTEL_SERVICE_NAMESPACE=routerd" ];
      RuntimeDirectory = [ "routerd" "routerd/dhcpv6-client" "routerd/dhcpv4-client" "routerd/pppoe-client" "routerd/dns-resolver" ];
      RuntimeDirectoryPreserve = "yes";
      StateDirectory = [ "routerd" ];
      LogsDirectory = [ "routerd" ];
      ReadWritePaths = [ "/run/routerd" "/var/lib/routerd" "/var/log/routerd" "/var/lib/misc" "/etc/sysctl.d" "/etc/systemd/network" "/etc/systemd/resolved.conf.d" "/etc/systemd/system" "/usr/local/etc/routerd" "/var/cache/apt" "/var/lib/apt" "/var/lib/dpkg" "/var/log/apt" ];
      AmbientCapabilities = [ "CAP_NET_ADMIN" "CAP_NET_RAW" "CAP_NET_BIND_SERVICE" "CAP_SETUID" "CAP_SETGID" "CAP_CHOWN" ];
      CapabilityBoundingSet = [ "CAP_NET_ADMIN" "CAP_NET_RAW" "CAP_NET_BIND_SERVICE" "CAP_SETUID" "CAP_SETGID" "CAP_CHOWN" ];
      RestrictAddressFamilies = [ "AF_UNIX" "AF_INET" "AF_INET6" "AF_NETLINK" ];
      ProtectSystem = "no";
      NoNewPrivileges = false;
    };
  };
}
