### firewall-holes.txt
dhcpv4-dhcpv4-server-lan from=lan to=self ifnames=ens19 proto=udp port=67 action=accept direction= comment=net.routerd.net/v1alpha1/DHCPv4Server/dhcpv4
dhcpv6-dhcpv6-server-lan from=lan to=self ifnames=ens19 proto=udp port=547 action=accept direction= comment=net.routerd.net/v1alpha1/DHCPv6Server/dhcpv6
ds-lite-a-dslite-ipip from=self to=wan ifnames=ens18 proto=ipip port=0 action=accept direction= comment=net.routerd.net/v1alpha1/DSLiteTunnel/ds-lite-a
ds-lite-b-dslite-ipip from=self to=wan ifnames=ens18 proto=ipip port=0 action=accept direction= comment=net.routerd.net/v1alpha1/DSLiteTunnel/ds-lite-b
ds-lite-c-dslite-ipip from=self to=wan ifnames=ens18 proto=ipip port=0 action=accept direction= comment=net.routerd.net/v1alpha1/DSLiteTunnel/ds-lite-c
home-tailscale from=wan to=self ifnames=ens18 proto=udp port=41641 action=accept direction= comment=net.routerd.net/v1alpha1/TailscaleNode/home
mgmt-dhcpv4-dhcpv4-client from=mgmt to=self ifnames=ens20 proto=udp port=68 action=accept direction= comment=net.routerd.net/v1alpha1/DHCPv4Lease/mgmt-dhcpv4
wan-dhcpv4-dhcpv4-client from=wan to=self ifnames=ens18 proto=udp port=68 action=accept direction= comment=net.routerd.net/v1alpha1/DHCPv4Lease/wan-dhcpv4
wan-pd-dhcpv6-client from=wan to=self ifnames=ens18 proto=udp port=546 action=accept direction= comment=net.routerd.net/v1alpha1/DHCPv6PrefixDelegation/wan-pd
wg-lab-wireguard from=wan to=self ifnames=ens18 proto=udp port=51820 action=accept direction= comment=net.routerd.net/v1alpha1/WireGuardInterface/wg-lab
### routerd-generated.nix
# Generated by routerd. Do not edit by hand.
{ config, lib, pkgs, ... }:

{
  networking.hostName = "nixos-edge";
  networking.domain = "example.internal";
  boot.loader.grub.enable = true;
  boot.loader.grub.device = "/dev/sda";
  networking.useDHCP = false;
  networking.useNetworkd = true;
  networking.firewall.checkReversePath = false;
  networking.nftables.enable = true;
  systemd.network.enable = true;
  systemd.network.netdevs."32-routerd-vrf-guest" = {
    netdevConfig = {
      Name = "vrf-guest";
      Kind = "vrf";
    };
    vrfConfig = {
      Table = 1001;
    };
  };
  systemd.network.networks."10-netplan-ens18" = {
    matchConfig.Name = "ens18";
    networkConfig = {
      IPv6AcceptRA = true;
    };
    routes = [
      { routeConfig = {
        Destination = "2001:db8:100::/64";
        Gateway = "fe80::1";
        Metric = 100;
      }; }
    ];
    linkConfig.RequiredForOnline = "no";
  };
  systemd.network.networks."10-netplan-ens19" = {
    matchConfig.Name = "ens19";
    address = [
      "192.0.2.2/24"
    ];
    routes = [
      { routeConfig = {
        Destination = "198.51.100.0/24";
        Gateway = "192.0.2.254";
        Metric = 100;
      }; }
    ];
    linkConfig.RequiredForOnline = "routable";
  };
  systemd.network.networks."10-netplan-ens20" = {
    matchConfig.Name = "ens20";
    networkConfig = {
      LinkLocalAddressing = "no";
    };
    linkConfig.RequiredForOnline = "no";
  };
  systemd.network.networks."10-netplan-ens21" = {
    matchConfig.Name = "ens21";
    networkConfig = {
      LinkLocalAddressing = "no";
      VRF = "vrf-guest";
    };
    linkConfig.RequiredForOnline = "no";
  };
  services.openssh = {
    enable = true;
    settings = {
      PasswordAuthentication = true;
      PermitRootLogin = "no";
    };
  };
  users.users.admin = {
    isNormalUser = true;
    description = "Network administrator";
    extraGroups = [ "wheel" ];
    initialPassword = "change-me";
    openssh.authorizedKeys.keys = [ "ssh-ed25519 AAAAC3NzaC1lZDI1NTE5AAAAIexampleexampleexampleexampleexampleexample lab-admin@example" ];
  };
  security.sudo.wheelNeedsPassword = false;
  services.timesyncd.enable = true;
  services.timesyncd.servers = [ "pool.ntp.org" ];
  services.tailscale.enable = true;
  boot.kernel.sysctl = {
    "net.ipv4.ip_forward" = 1;
    "net.ipv6.conf.all.forwarding" = 1;
    "net.ipv6.conf.ens18.accept_ra" = 2;
  };
  environment.systemPackages = with pkgs; [
    conntrack-tools
    dnsmasq
    dnsutils
    iproute2
    iputils
    jq
    kmod
    ndpi
    nettools
    nftables
    ppp
    procps
    strongswan
    tailscale
    tcpdump
    traceroute
    wireguard-tools
  ];
  systemd.services."routerd-dns-resolver@lan-resolver" = {
    description = "routerd DNS resolver lan-resolver";
    wantedBy = [ "multi-user.target" ];
    after = [ "network-online.target" ];
    wants = [ "network-online.target" ];
    serviceConfig = {
      ExecStart = lib.concatStringsSep " " [
        "/usr/local/sbin/routerd-dns-resolver"
        "daemon"
        "--resource"
        "lan-resolver"
        "--config-file"
        "/var/lib/routerd/dns-resolver/lan-resolver/config.json"
      ];
      Restart = "always";
      RestartSec = "5s";
      RuntimeDirectory = [ "routerd/dns-resolver" ];
      StateDirectory = [ "routerd/dns-resolver" "routerd/dns-resolver/lan-resolver" ];
      LogsDirectory = [ "routerd" ];
      ReadWritePaths = [ "/run/routerd" "/var/lib/routerd" "/var/log/routerd" ];
      AmbientCapabilities = [ "CAP_NET_BIND_SERVICE" ];
      CapabilityBoundingSet = [ "CAP_NET_BIND_SERVICE" ];
      RestrictAddressFamilies = [ "AF_UNIX" "AF_INET" "AF_INET6" ];
      ProtectSystem = "strict";
      ProtectHome = "yes";
      NoNewPrivileges = true;
      PrivateTmp = true;
    };
  };
  systemd.services."routerd-dnsmasq" = {
    description = "routerd managed dnsmasq DHCP service";
    wantedBy = [ "multi-user.target" ];
    after = [ "network-online.target" "routerd.service" ];
    wants = [ "network-online.target" ];
    path = with pkgs; [
      dnsmasq
    ];
    serviceConfig = {
      ExecStart = lib.concatStringsSep " " [
        "/run/current-system/sw/bin/dnsmasq"
        "--keep-in-foreground"
        "--user=root"
        "--group=root"
        "--conf-file=/usr/local/etc/routerd/dnsmasq.conf"
        "--pid-file=/run/routerd/dnsmasq.pid"
      ];
      Restart = "on-failure";
      RestartSec = "2s";
      RuntimeDirectory = [ "routerd" ];
      RuntimeDirectoryPreserve = "yes";
      StateDirectory = [ "routerd" ];
      ReadWritePaths = [ "/run/routerd" "/var/lib/routerd" "/usr/local/etc/routerd" ];
      AmbientCapabilities = [ "CAP_NET_BIND_SERVICE" "CAP_NET_RAW" "CAP_NET_ADMIN" "CAP_SETUID" "CAP_SETGID" "CAP_CHOWN" ];
      CapabilityBoundingSet = [ "CAP_NET_BIND_SERVICE" "CAP_NET_RAW" "CAP_NET_ADMIN" "CAP_SETUID" "CAP_SETGID" "CAP_CHOWN" ];
      RestrictAddressFamilies = [ "AF_UNIX" "AF_INET" "AF_INET6" "AF_NETLINK" ];
      ProtectSystem = "strict";
      ProtectHome = "true";
      NoNewPrivileges = true;
      PrivateTmp = true;
    };
  };
  systemd.services."routerd-tailscale-home" = {
    description = "routerd Tailscale node home";
    wantedBy = [ "multi-user.target" ];
    after = [ "network-online.target" "tailscaled.service" ];
    wants = [ "network-online.target" "tailscaled.service" ];
    path = with pkgs; [
      tailscale
    ];
    serviceConfig = {
      ExecStart = lib.concatStringsSep " " [
        "tailscale"
        "up"
        "--hostname=nixos-edge"
        "--advertise-routes=192.0.2.0/24"
        "--accept-dns=false"
      ];
      Restart = "no";
      Type = "oneshot";
      RuntimeDirectory = [ "routerd" ];
      RuntimeDirectoryPreserve = "yes";
      AmbientCapabilities = [ "CAP_NET_ADMIN" "CAP_NET_RAW" ];
      CapabilityBoundingSet = [ "CAP_NET_ADMIN" "CAP_NET_RAW" ];
      RestrictAddressFamilies = [ "AF_UNIX" "AF_INET" "AF_INET6" "AF_NETLINK" ];
      ProtectSystem = "no";
      ProtectHome = "true";
      NoNewPrivileges = true;
      PrivateTmp = true;
      RemainAfterExit = true;
    };
  };
  systemd.services.routerd = {
    description = "routerd declarative router controller";
    wantedBy = [ "multi-user.target" ];
    after = [ "network-pre.target" ];
    wants = [ "network-pre.target" ];
    path = with pkgs; [
      conntrack-tools
      dnsmasq
      dnsutils
      iproute2
      iputils
      kmod
      ndpi
      nettools
      nftables
      ppp
      procps
      strongswan
      systemd
      tailscale
      tcpdump
      traceroute
      wireguard-tools
    ];
    serviceConfig = {
      Type = "simple";
      ExecStart = lib.concatStringsSep " " [
        "/usr/local/sbin/routerd"
        "serve"
        "--config"
        "/usr/local/etc/routerd/router.yaml"
        "--socket"
        "/run/routerd/routerd.sock"
        "--apply-interval"
        "60s"
        "--status-file"
        "/run/routerd/status.json"
      ];
      Restart = "always";
      RestartSec = "2s";
      RuntimeDirectory = "routerd";
      RuntimeDirectoryPreserve = "yes";
      StateDirectory = "routerd";
    };
  };
  system.stateVersion = "25.11";
}
